PROGRAM {[ 
    DEFINE(false, LISTTY(ARROWTY(INTTY * BOOLTY -> INTTY)), listOfLambdas, LIST(LAMBDA(INTTY, FORMALS((INTTY, i), (BOOLTY, b)), [ 
        RETURN(BINOP(VAR(i), PLUS, INT(1)))]), LAMBDA(INTTY, FORMALS((INTTY, i), (BOOLTY, c)), [ 
        RETURN(BINOP(BINOP(VAR(i), PLUS, INT(2)), PLUS, VAR(c)))])))]}
