PROGRAM {[ 
    DEFINE(LISTTY(LISTTY(INTTY)), nestedList, LIST(LIST(INT(1), INT(2), INT(3)), LIST(INT(4), INT(5), INT(6)), LIST(INT(7), INT(8), INT(9)))) 
    DEFINE(LISTTY(LISTTY(LISTTY(INTTY))), nestedList, LIST(LIST(LIST(INT(1), INT(2), INT(3)), LIST(INT(4), INT(5), INT(6)), LIST(INT(7), INT(8), INT(9))), LIST(LIST(INT(1), INT(2), INT(3)), LIST(INT(4), INT(5), INT(6)), LIST(INT(7), INT(8), INT(9)))))]}
