PROGRAM {[ 
    DEFINE(false, INTTY, i, INT(0)) 
    DEFINE(false, INTTY, j, INT(0)) 
    DEFINE(false, BOOLTY, a, BOOL(true)) 
    DEFINE(false, BOOLTY, b, BINOP(BINOP(BOOL(false), AND, VAR(a)), OR, BOOL(true))) 
    DEFINE(false, QUACKTY, hi, STRING("hi")) 
    DEFINE(false, FLOATTY, pi, FLOAT(3.141592653589793238462643383279502884197169399375105820974944592307816406286208998628034825342117067982148086513282306647093844609550582231725359408128481117450284102)) 
    ASSIGN(pi, BINOP(VAR(pi), MINUS, FLOAT(3.141))) 
    DEFINE(false, FLOATTY, y, CALL(error, ARGS(VAR(pi))))]}
