PROGRAM {[ 
    DEFINE(false, ARROWTY(INTTY * BOOLTY * THREADTY -> ARROWTY(INTTY -> INTTY)), otherFun, LAMBDA(ARROWTY(INTTY -> INTTY), FORMALS((INTTY, i), (BOOLTY, b), (THREADTY, t)), [ 
        RETURN(LAMBDA(INTTY, FORMALS((INTTY, j)), [ 
            RETURN(BINOP(VAR(i), PLUS, VAR(j)))]))])) 
    DEFINE(false, ARROWTY(INTTY * BOOLTY * THREADTY -> ARROWTY(INTTY -> ARROWTY(INTTY -> INTTY))), otherFun, LAMBDA(ARROWTY(INTTY -> ARROWTY(INTTY -> INTTY)), FORMALS((INTTY, i), (BOOLTY, b), (THREADTY, t)), [ 
        RETURN(LAMBDA(ARROWTY(INTTY -> INTTY), FORMALS((INTTY, j)), [ 
            RETURN(LAMBDA(INTTY, FORMALS((INTTY, k)), [ 
                RETURN(BINOP(BINOP(VAR(i), PLUS, VAR(j)), PLUS, VAR(k)))]))]))]))]}
