PROGRAM {[ 
    BINOP(INT(123), TIMES, INT(1234)) 
    BINOP(INT(1), TIMES, BINOP(INT(2), TIMES, INT(8))) 
    BINOP(BINOP(FLOAT(2.3), TIMES, FLOAT(89.0)), TIMES, FLOAT(789.777)) 
    BINOP(BINOP(BINOP(BINOP(BOOL(true), TIMES, BOOL(false)), TIMES, LIST()), TIMES, FLOAT(9.0)), TIMES, STRING("")) 
    BINOP(INT(1), DIV, INT(2)) 
    BINOP(INT(24), DIV, BINOP(INT(8), DIV, INT(2))) 
    BINOP(BINOP(INT(1), DIV, FLOAT(3.0)), DIV, INT(78)) 
    BINOP(FLOAT(2.0), DIV, FLOAT(3.0)) 
    BINOP(BINOP(BINOP(BOOL(true), DIV, BOOL(false)), DIV, STRING("string")), DIV, LIST()) 
    BINOP(INT(2), MOD, INT(200)) 
    BINOP(BINOP(INT(26), MOD, INT(13)), MOD, INT(3)) 
    BINOP(INT(26), MOD, BINOP(INT(13), MOD, INT(3))) 
    BINOP(FLOAT(28.9), MOD, FLOAT(29.8)) 
    BINOP(BOOL(true), MOD, BOOL(false))]}
