PROGRAM {[ 
    BINOP(INT(1), PLUS, INT(2)) 
    BINOP(BINOP(BINOP(BINOP(INT(1), PLUS, INT(3)), PLUS, INT(4)), PLUS, INT(56)), PLUS, INT(7890)) 
    BINOP(BINOP(BINOP(BOOL(true), PLUS, INT(123)), PLUS, VAR(variable)), PLUS, LIST(INT(1), VAR(weird))) 
    BINOP(FLOAT(123.0), PLUS, FLOAT(345.7)) 
    BINOP(INT(1), MINUS, INT(2)) 
    BINOP(BINOP(INT(123), MINUS, INT(2345)), MINUS, INT(9090)) 
    BINOP(FLOAT(23.0), PLUS, FLOAT(56.7)) 
    BINOP(BINOP(BOOL(true), MINUS, LIST(BOOL(false))), MINUS, FLOAT(3.45))]}
