PROGRAM {[ 
    BINOP(BINOP(BINOP(INT(1), PLUS, INT(2)), TIMES, INT(90)), MINUS, BINOP(INT(1234), DIV, BINOP(INT(0), DIV, INT(6))))]}
