PROGRAM {[ 
    WHILE(BOOL(true), [ 
        ASSIGN(x, BINOP(VAR(x), PLUS, INT(1)))])]}
