-----Value of y before: 10
counting down
10
9
8
7
6
5
4
3
2
1

counting up
1
2
3
4
5
6
7
8
9
10
-----Value of y after: 0
