Inside hi()
Inside hi with variable i = -99
Inside bye with arg i = 55
