123
0
123
1
124
2
125
3
126
4
127
5
128
6
129
7
130
8
131
9
132
