PROGRAM {[ 
    RETURN(BINOP(BOOL(true), OR, BOOL(false))) 
    RETURN(BINOP(BINOP(VAR(a), PLUS, INT(3)), MINUS, BINOP(INT(2), DIV, INT(5)))) 
    RETURN(UNOP(NEG, INT(2))) 
    RETURN(BINOP(BINOP(INT(3), TIMES, INT(5)), PLUS, UNOP(NEG, INT(7))))]}
