PROGRAM {[ 
    DEFINE(ARROWTY(STRINGTY -> ARROWTY(INTTY -> INTTY)), stoi, LAMBDA(ARROWTY(INTTY -> INTTY), FORMALS((STRINGTY, intStr)), [ 
        RETURN(LAMBDA(INTTY, FORMALS(), [ 
            RETURN(INT(3))]))]))]}
