PROGRAM {[ 
    VAR(qwertyuiopjhjmnbvcxzsdfdsawerewq1234567890987654________123456YTREWQWESDXCVBNMYTFDSDFCV12345fjdklsajfdkslafjdsfljskdewuriourqwieorpuewqiropquewirpoqwuriojfdksl______eggs_and_bacon______1bologna)]}
