PROGRAM {[ 
    THREAD([ 
        DEFINE(false, INTTY, x, VAR(f)) 
        DEFINE(false, INTTY, y, VAR(x))])]}
