PROGRAM {[ 
    UNOP(NEG, BINOP(INT(23), PLUS, INT(45))) 
    UNOP(NEG, BINOP(INT(45), TIMES, BINOP(BINOP(INT(7), MINUS, INT(3)), PLUS, UNOP(NEG, BINOP(INT(3), DIV, INT(4))))))]}
