I
You
have
some
homework

I
You
have
some
homework

You
have
some
homework

SHE
have
some
homework
