[ -1 1 -2 ]
[ -1 -9 -2 ]
[ -1 -3 -2 ]
-12
5
[ -1 -1 -3 -2 -2 ]
[ -1 -3 -3 -2 -2 ]
-15
5
