[ 1 2 3 ]
[ 4 5 6 ]
[ 1 2 3 ]
[ 4 5 6 ]
[ 1 2 3 4 9 9 8 ]
[ 4 5 6 ]
[ 9 9 ]
