I'm in captain
In here too!
I'm in too deep
And I'm tryin to keep
2