PROGRAM {[ 
    FUN(NOSTORE, INTTY, empty, FORMALS((INTTY, i)), []) 
    FUN(STORE, INTTY, noargs, FORMALS(), [])]}
