PROGRAM {[ 
    BINOP(BINOP(INT(5), GREATER, BINOP(INT(5), PLUS, INT(2))), EQUALS, BINOP(BINOP(INT(1), TIMES, BINOP(INT(2), MINUS, INT(4))), LESS, BINOP(INT(5), DIV, BINOP(INT(3), PLUS, INT(4)))))]}
