PROGRAM {[ 
    DEFINE(false, LISTTY(BOOLTY), result, CALL(List_map, ARGS(VAR(isGood), VAR(my_list)))) 
    DEFINE(false, BOOLTY, hasGood, CALL(List_exist, ARGS(VAR(my_list), VAR(myPredicate))))]}
