PROGRAM {[ 
    BINOP(UNOP(NOT, BINOP(UNOP(NEG, BINOP(INT(45), PLUS, INT(8))), GREATER, UNOP(NEG, INT(12)))), EQUALS, UNOP(NOT, BOOL(false)))]}
