PROGRAM {[ 
    IF(VAR(x), [ 
        RETURN(BINOP(VAR(x), PLUS, INT(1)))], [])]}
