PROGRAM {[ 
    INT(12345678909) 
    INT(0) 
    INT(1) 
    INT(0) 
    INT(123)]}
