PROGRAM {[ 
    BOOL(true) 
    BOOL(false) 
    VAR(True) 
    VAR(False) 
    VAR(TRUE) 
    VAR(FALSE)]}
